../Core/Src/filter_app.c:60:13:rotate_to_body	24	static
../Core/Src/filter_app.c:69:6:filter_app_init	8	static
../Core/Src/filter_app.c:76:6:filter_app_reset	8	static
../Core/Src/filter_app.c:95:6:filter_app_seeded	4	static
../Core/Src/filter_app.c:100:6:filter_app_step	144	static
../Core/Src/filter_app.c:201:24:filter_app_output	4	static
../Core/Src/filter_app.c:206:10:filter_app_mean_cycles	24	static
../Core/Src/filter_app.c:214:10:filter_app_max_cycles	16	static
../Core/Src/filter_app.c:222:6:filter_app_clear_cost	8	static
