../Core/Src/main.c:79:5:_write	24	static
../Core/Src/main.c:85:14:vec3_norm	16	static
../Core/Src/main.c:91:13:quat_to_euler_deg	48	static
../Core/Src/main.c:118:13:render_screen	80	static
../Core/Src/main.c:181:5:main	520	static
../Core/Src/main.c:422:6:SystemClock_Config	88	static
../Core/Src/main.c:469:13:MX_I2C1_Init	8	static
../Core/Src/main.c:512:13:MX_USART2_UART_Init	8	static
../Core/Src/main.c:555:13:MX_GPIO_Init	40	static
../Core/Src/main.c:588:6:Error_Handler	4	static,ignoring_inline_asm
