../Core/Src/main.c:91:5:_write	24	static
../Core/Src/main.c:98:26:i2c_reg_read	32	static
../Core/Src/main.c:102:26:i2c_reg_write	32	static
../Core/Src/main.c:106:16:i2c_read_u8	24	static
../Core/Src/main.c:113:26:sh1106_cmd	32	static
../Core/Src/main.c:118:26:sh1106_data	64	static
../Core/Src/main.c:134:13:sh1106_init	8	static
../Core/Src/main.c:155:13:sh1106_fill	152	static
../Core/Src/main.c:170:13:bno055_read_euler_deg	40	static
../Core/Src/main.c:186:13:bno055_debug_print	56	static
../Core/Src/main.c:208:13:bno055_init_ndof	24	static
../Core/Src/main.c:269:13:bmp390_read_raw	32	static
../Core/Src/main.c:291:16:read_btn	16	static
../Core/Src/main.c:295:13:button_pressed_edge	24	static
../Core/Src/main.c:302:13:bmp390_init_basic	16	static
../Core/Src/main.c:332:5:main	192	static
../Core/Src/main.c:455:6:SystemClock_Config	88	static
../Core/Src/main.c:502:13:MX_I2C1_Init	8	static
../Core/Src/main.c:545:13:MX_USART2_UART_Init	8	static
../Core/Src/main.c:588:13:MX_GPIO_Init	40	static
../Core/Src/main.c:621:6:Error_Handler	4	static,ignoring_inline_asm
